******************************************************************************
                  TI ARM Linker PC v16.9.6                     
******************************************************************************
>> Linked Sat Jan 13 17:27:52 2018

OUTPUT FILE NAME:   <watch_v2.out>
ENTRY POINT SYMBOL: "_c_int00"  address: 000008ed


MEMORY CONFIGURATION

         name            origin    length      used     unused   attr    fill
----------------------  --------  ---------  --------  --------  ----  --------
  MAIN                  00000000   00040000  00000ab6  0003f54a  R  X
  INFO                  00200000   00004000  00000000  00004000  R  X
  SRAM_CODE             01000000   00010000  00000227  0000fdd9  RW X
  SRAM_DATA             20000000   00010000  00000227  0000fdd9  RW  


SEGMENT ALLOCATION MAP

run origin  load origin   length   init length attrs members
----------  ----------- ---------- ----------- ----- -------
00000000    00000000    00000ab8   00000ab8    r-x
  00000000    00000000    000000e4   000000e4    r-- .intvecs
  000000e4    000000e4    00000992   00000992    r-x .text
  00000a78    00000a78    00000040   00000040    r-- .cinit
20000000    20000000    00000027   00000000    rw-
  20000000    20000000    0000001c   00000000    rw- .data
  2000001c    2000001c    0000000b   00000000    rw- .bss
2000fe00    2000fe00    00000200   00000000    rw-
  2000fe00    2000fe00    00000200   00000000    rw- .stack


SECTION ALLOCATION MAP

 output                                  attributes/
section   page    origin      length       input sections
--------  ----  ----------  ----------   ----------------
.intvecs   0    00000000    000000e4     
                  00000000    000000e4     startup_msp432p401r_ccs.obj (.intvecs:retain)

.binit     0    00000000    00000000     

.text      0    000000e4    00000992     
                  000000e4    00000334     system_msp432p401r.obj (.text)
                  00000418    0000018c     GPIO.obj (.text)
                  000005a4    00000158     RTC.obj (.text)
                  000006fc    0000009c     rtsv7M4_T_le_v4SPD16_eabi.lib : memcpy_t2.obj (.text)
                  00000798    0000007a                                   : memset_t2.obj (.text)
                  00000812    00000002                                   : mpu_init.obj (.text)
                  00000814    00000070                                   : autoinit.obj (.text)
                  00000884    00000068                                   : copy_decompress_lzss.obj (.text:decompress:lzss)
                  000008ec    00000054                                   : boot.obj (.text)
                  00000940    00000054                                   : exit.obj (.text)
                  00000994    0000004c                                   : cpy_tbl.obj (.text)
                  000009e0    0000003c     main.obj (.text)
                  00000a1c    00000018     rtsv7M4_T_le_v4SPD16_eabi.lib : args_main.obj (.text)
                  00000a34    00000014                                   : _lock.obj (.text)
                  00000a48    0000000e                                   : copy_decompress_none.obj (.text:decompress:none)
                  00000a56    0000000e     startup_msp432p401r_ccs.obj (.text)
                  00000a64    0000000c     rtsv7M4_T_le_v4SPD16_eabi.lib : copy_zero_init.obj (.text:decompress:ZI)
                  00000a70    00000004                                   : pre_init.obj (.text)
                  00000a74    00000002                                   : startup.obj (.text)

.cinit     0    00000a78    00000040     
                  00000a78    00000015     (.cinit..data.load) [load image, compression = lzss]
                  00000a8d    00000003     --HOLE-- [fill = 0]
                  00000a90    0000000c     (__TI_handler_table)
                  00000a9c    00000004     --HOLE-- [fill = 0]
                  00000aa0    00000008     (.cinit..bss.load) [load image, compression = zero_init]
                  00000aa8    00000010     (__TI_cinit_table)

.init_array 
*          0    00000000    00000000     UNINITIALIZED

.data      0    20000000    0000001c     UNINITIALIZED
                  20000000    0000000c     rtsv7M4_T_le_v4SPD16_eabi.lib : exit.obj (.data:$O1$$)
                  2000000c    00000008                                   : _lock.obj (.data:$O1$$)
                  20000014    00000004                                   : stkdepth_vars.obj (.data)
                  20000018    00000004     system_msp432p401r.obj (.data)

.bss       0    2000001c    0000000b     UNINITIALIZED
                  2000001c    00000004     (.common:second)
                  20000020    00000002     (.common:year)
                  20000022    00000001     (.common:day)
                  20000023    00000001     (.common:day_of_week)
                  20000024    00000001     (.common:hour)
                  20000025    00000001     (.common:minute)
                  20000026    00000001     (.common:month)

.stack     0    2000fe00    00000200     UNINITIALIZED
                  2000fe00    00000200     --HOLE--

MODULE SUMMARY

       Module                        code   ro data   rw data
       ------                        ----   -------   -------
    .\
       system_msp432p401r.obj        820    0         8      
       GPIO.obj                      396    0         0      
       RTC.obj                       344    0         22     
       startup_msp432p401r_ccs.obj   14     228       0      
       main.obj                      60     0         0      
    +--+-----------------------------+------+---------+---------+
       Total:                        1634   228       30     
                                                             
    C:\Users\kwat1\Documents\ccsv7\tools\compiler\ti-cgt-arm_16.9.6.LTS\lib\rtsv7M4_T_le_v4SPD16_eabi.lib
       memcpy_t2.obj                 156    0         0      
       memset_t2.obj                 122    0         0      
       autoinit.obj                  112    0         0      
       exit.obj                      84     0         24     
       copy_decompress_lzss.obj      104    0         0      
       boot.obj                      84     0         0      
       cpy_tbl.obj                   76     0         0      
       _lock.obj                     20     0         16     
       args_main.obj                 24     0         0      
       copy_decompress_none.obj      14     0         0      
       copy_zero_init.obj            12     0         0      
       stkdepth_vars.obj             0      0         8      
       pre_init.obj                  4      0         0      
       mpu_init.obj                  2      0         0      
       startup.obj                   2      0         0      
    +--+-----------------------------+------+---------+---------+
       Total:                        816    0         48     
                                                             
       Stack:                        0      0         1024   
       Linker Generated:             0      57        0      
    +--+-----------------------------+------+---------+---------+
       Grand Total:                  2450   285       1102   


LINKER GENERATED COPY TABLES

__TI_cinit_table @ 00000aa8 records: 2, size/record: 8, table size: 16
	.data: load addr=00000a78, load size=00000015 bytes, run addr=20000000, run size=0000001c bytes, compression=lzss
	.bss: load addr=00000aa0, load size=00000008 bytes, run addr=2000001c, run size=0000000b bytes, compression=zero_init


LINKER GENERATED HANDLER TABLE

__TI_handler_table @ 00000a90 records: 3, size/record: 4, table size: 12
	index: 0, handler: __TI_decompress_lzss
	index: 1, handler: __TI_decompress_none
	index: 2, handler: __TI_zero_init


GLOBAL SYMBOLS: SORTED ALPHABETICALLY BY Name 

address   name                           
-------   ----                           
00000a63  ADC14_IRQHandler               
00000a63  AES256_IRQHandler              
00000a63  BusFault_Handler               
00000941  C$$EXIT                        
00000a63  COMP_E0_IRQHandler             
00000a63  COMP_E1_IRQHandler             
00000a63  CS_IRQHandler                  
00000a63  DMA_ERR_IRQHandler             
00000a63  DMA_INT0_IRQHandler            
00000a63  DMA_INT1_IRQHandler            
00000a63  DMA_INT2_IRQHandler            
00000a63  DMA_INT3_IRQHandler            
00000a63  DebugMon_Handler               
00000a63  Default_Handler                
00000a63  EUSCIA0_IRQHandler             
00000a63  EUSCIA1_IRQHandler             
00000a63  EUSCIA2_IRQHandler             
00000a63  EUSCIA3_IRQHandler             
00000a63  EUSCIB0_IRQHandler             
00000a63  EUSCIB1_IRQHandler             
00000a63  EUSCIB2_IRQHandler             
00000a63  EUSCIB3_IRQHandler             
00000a63  FLCTL_IRQHandler               
00000a63  FPU_IRQHandler                 
00000a63  HardFault_Handler              
00000a63  MemManage_Handler              
00000a63  NMI_Handler                    
00000a63  PCM_IRQHandler                 
00000a63  PORT1_IRQHandler               
0000053d  PORT2_IRQHandler               
0000053d  PORT2_IRQHandler               
00000a63  PORT3_IRQHandler               
00000a63  PORT4_IRQHandler               
00000a63  PORT5_IRQHandler               
00000517  PORT6_IRQHandler               
00000517  PORT6_IRQHandler               
00000a63  PSS_IRQHandler                 
00000a63  PendSV_Handler                 
0000062d  RTC_C_IRQHandler               
0000062d  RTC_C_IRQHandler               
000005d1  RTC_init                       
00000a57  Reset_Handler                  
UNDEFED   SHT$$INIT_ARRAY$$Base          
UNDEFED   SHT$$INIT_ARRAY$$Limit         
00000a63  SVC_Handler                    
00000a63  SysTick_Handler                
20000018  SystemCoreClock                
000000e5  SystemCoreClockUpdate          
0000035d  SystemInit                     
00000a63  T32_INT1_IRQHandler            
00000a63  T32_INT2_IRQHandler            
00000a63  T32_INTC_IRQHandler            
00000a63  TA0_0_IRQHandler               
00000a63  TA0_N_IRQHandler               
00000a63  TA1_0_IRQHandler               
00000a63  TA1_N_IRQHandler               
00000a63  TA2_0_IRQHandler               
00000a63  TA2_N_IRQHandler               
00000a63  TA3_0_IRQHandler               
00000a63  TA3_N_IRQHandler               
00000a63  UsageFault_Handler             
4000480c  WDTCTL_SYM                     
00000a63  WDT_A_IRQHandler               
20010000  __STACK_END                    
00000200  __STACK_SIZE                   
00000aa8  __TI_CINIT_Base                
00000ab8  __TI_CINIT_Limit               
00000a90  __TI_Handler_Table_Base        
00000a9c  __TI_Handler_Table_Limit       
00000815  __TI_auto_init                 
20000000  __TI_cleanup_ptr               
00000885  __TI_decompress_lzss           
00000a49  __TI_decompress_none           
20000004  __TI_dtors_ptr                 
20000008  __TI_enable_exit_profile_output
ffffffff  __TI_pprof_out_hndl            
ffffffff  __TI_prof_data_size            
ffffffff  __TI_prof_data_start           
00000000  __TI_static_base__             
00000a65  __TI_zero_init                 
00000799  __aeabi_memclr                 
00000799  __aeabi_memclr4                
00000799  __aeabi_memclr8                
000006fd  __aeabi_memcpy                 
000006fd  __aeabi_memcpy4                
000006fd  __aeabi_memcpy8                
0000079b  __aeabi_memset                 
0000079b  __aeabi_memset4                
0000079b  __aeabi_memset8                
ffffffff  __binit__                      
ffffffff  __c_args__                     
00000813  __mpu_init                     
2000fe00  __stack                        
00000a1d  _args_main                     
000008ed  _c_int00                       
2000000c  _lock                          
00000a43  _nop                           
00000a3b  _register_lock                 
00000a35  _register_unlock               
00000a75  _system_post_cinit             
00000a71  _system_pre_init               
20000010  _unlock                        
00000945  abort                          
ffffffff  binit                          
00000445  button_init                    
00000995  copy_in                        
20000022  day                            
20000023  day_of_week                    
0000094d  exit                           
000004ed  heartbeat_led_init             
20000024  hour                           
00000000  interruptVectors               
000009e1  main                           
20000014  main_func_sp                   
000006fd  memcpy                         
000007a1  memset                         
20000025  minute                         
20000026  month                          
2000001c  second                         
20000020  year                           


GLOBAL SYMBOLS: SORTED BY Symbol Address 

address   name                           
-------   ----                           
00000000  __TI_static_base__             
00000000  interruptVectors               
000000e5  SystemCoreClockUpdate          
00000200  __STACK_SIZE                   
0000035d  SystemInit                     
00000445  button_init                    
000004ed  heartbeat_led_init             
00000517  PORT6_IRQHandler               
00000517  PORT6_IRQHandler               
0000053d  PORT2_IRQHandler               
0000053d  PORT2_IRQHandler               
000005d1  RTC_init                       
0000062d  RTC_C_IRQHandler               
0000062d  RTC_C_IRQHandler               
000006fd  __aeabi_memcpy                 
000006fd  __aeabi_memcpy4                
000006fd  __aeabi_memcpy8                
000006fd  memcpy                         
00000799  __aeabi_memclr                 
00000799  __aeabi_memclr4                
00000799  __aeabi_memclr8                
0000079b  __aeabi_memset                 
0000079b  __aeabi_memset4                
0000079b  __aeabi_memset8                
000007a1  memset                         
00000813  __mpu_init                     
00000815  __TI_auto_init                 
00000885  __TI_decompress_lzss           
000008ed  _c_int00                       
00000941  C$$EXIT                        
00000945  abort                          
0000094d  exit                           
00000995  copy_in                        
000009e1  main                           
00000a1d  _args_main                     
00000a35  _register_unlock               
00000a3b  _register_lock                 
00000a43  _nop                           
00000a49  __TI_decompress_none           
00000a57  Reset_Handler                  
00000a63  ADC14_IRQHandler               
00000a63  AES256_IRQHandler              
00000a63  BusFault_Handler               
00000a63  COMP_E0_IRQHandler             
00000a63  COMP_E1_IRQHandler             
00000a63  CS_IRQHandler                  
00000a63  DMA_ERR_IRQHandler             
00000a63  DMA_INT0_IRQHandler            
00000a63  DMA_INT1_IRQHandler            
00000a63  DMA_INT2_IRQHandler            
00000a63  DMA_INT3_IRQHandler            
00000a63  DebugMon_Handler               
00000a63  Default_Handler                
00000a63  EUSCIA0_IRQHandler             
00000a63  EUSCIA1_IRQHandler             
00000a63  EUSCIA2_IRQHandler             
00000a63  EUSCIA3_IRQHandler             
00000a63  EUSCIB0_IRQHandler             
00000a63  EUSCIB1_IRQHandler             
00000a63  EUSCIB2_IRQHandler             
00000a63  EUSCIB3_IRQHandler             
00000a63  FLCTL_IRQHandler               
00000a63  FPU_IRQHandler                 
00000a63  HardFault_Handler              
00000a63  MemManage_Handler              
00000a63  NMI_Handler                    
00000a63  PCM_IRQHandler                 
00000a63  PORT1_IRQHandler               
00000a63  PORT3_IRQHandler               
00000a63  PORT4_IRQHandler               
00000a63  PORT5_IRQHandler               
00000a63  PSS_IRQHandler                 
00000a63  PendSV_Handler                 
00000a63  SVC_Handler                    
00000a63  SysTick_Handler                
00000a63  T32_INT1_IRQHandler            
00000a63  T32_INT2_IRQHandler            
00000a63  T32_INTC_IRQHandler            
00000a63  TA0_0_IRQHandler               
00000a63  TA0_N_IRQHandler               
00000a63  TA1_0_IRQHandler               
00000a63  TA1_N_IRQHandler               
00000a63  TA2_0_IRQHandler               
00000a63  TA2_N_IRQHandler               
00000a63  TA3_0_IRQHandler               
00000a63  TA3_N_IRQHandler               
00000a63  UsageFault_Handler             
00000a63  WDT_A_IRQHandler               
00000a65  __TI_zero_init                 
00000a71  _system_pre_init               
00000a75  _system_post_cinit             
00000a90  __TI_Handler_Table_Base        
00000a9c  __TI_Handler_Table_Limit       
00000aa8  __TI_CINIT_Base                
00000ab8  __TI_CINIT_Limit               
20000000  __TI_cleanup_ptr               
20000004  __TI_dtors_ptr                 
20000008  __TI_enable_exit_profile_output
2000000c  _lock                          
20000010  _unlock                        
20000014  main_func_sp                   
20000018  SystemCoreClock                
2000001c  second                         
20000020  year                           
20000022  day                            
20000023  day_of_week                    
20000024  hour                           
20000025  minute                         
20000026  month                          
2000fe00  __stack                        
20010000  __STACK_END                    
4000480c  WDTCTL_SYM                     
ffffffff  __TI_pprof_out_hndl            
ffffffff  __TI_prof_data_size            
ffffffff  __TI_prof_data_start           
ffffffff  __binit__                      
ffffffff  __c_args__                     
ffffffff  binit                          
UNDEFED   SHT$$INIT_ARRAY$$Base          
UNDEFED   SHT$$INIT_ARRAY$$Limit         

[120 symbols]
