******************************************************************************
                  TI ARM Linker PC v16.9.6                     
******************************************************************************
>> Linked Sat Jan 13 22:41:35 2018

OUTPUT FILE NAME:   <watch_v2.out>
ENTRY POINT SYMBOL: "_c_int00"  address: 00000ac9


MEMORY CONFIGURATION

         name            origin    length      used     unused   attr    fill
----------------------  --------  ---------  --------  --------  ----  --------
  MAIN                  00000000   00040000  00000c72  0003f38e  R  X
  INFO                  00200000   00004000  00000000  00004000  R  X
  SRAM_CODE             01000000   00010000  00000227  0000fdd9  RW X
  SRAM_DATA             20000000   00010000  00000227  0000fdd9  RW  


SEGMENT ALLOCATION MAP

run origin  load origin   length   init length attrs members
----------  ----------- ---------- ----------- ----- -------
00000000    00000000    00000c78   00000c78    r-x
  00000000    00000000    000000e4   000000e4    r-- .intvecs
  000000e4    000000e4    00000b4e   00000b4e    r-x .text
  00000c38    00000c38    00000040   00000040    r-- .cinit
20000000    20000000    00000027   00000000    rw-
  20000000    20000000    0000001c   00000000    rw- .data
  2000001c    2000001c    0000000b   00000000    rw- .bss
2000fe00    2000fe00    00000200   00000000    rw-
  2000fe00    2000fe00    00000200   00000000    rw- .stack


SECTION ALLOCATION MAP

 output                                  attributes/
section   page    origin      length       input sections
--------  ----  ----------  ----------   ----------------
.intvecs   0    00000000    000000e4     
                  00000000    000000e4     startup_msp432p401r_ccs.obj (.intvecs:retain)

.binit     0    00000000    00000000     

.text      0    000000e4    00000b4e     
                  000000e4    00000334     system_msp432p401r.obj (.text)
                  00000418    000001f4     GPIO.obj (.text)
                  0000060c    00000174     I2C.obj (.text)
                  00000780    00000158     RTC.obj (.text)
                  000008d8    0000009c     rtsv7M4_T_le_v4SPD16_eabi.lib : memcpy_t2.obj (.text)
                  00000974    0000007a                                   : memset_t2.obj (.text)
                  000009ee    00000002                                   : mpu_init.obj (.text)
                  000009f0    00000070                                   : autoinit.obj (.text)
                  00000a60    00000068                                   : copy_decompress_lzss.obj (.text:decompress:lzss)
                  00000ac8    00000054                                   : boot.obj (.text)
                  00000b1c    00000054                                   : exit.obj (.text)
                  00000b70    0000004c                                   : cpy_tbl.obj (.text)
                  00000bbc    0000001c     main.obj (.text)
                  00000bd8    00000018     rtsv7M4_T_le_v4SPD16_eabi.lib : args_main.obj (.text)
                  00000bf0    00000014                                   : _lock.obj (.text)
                  00000c04    0000000e                                   : copy_decompress_none.obj (.text:decompress:none)
                  00000c12    0000000e     startup_msp432p401r_ccs.obj (.text)
                  00000c20    0000000c     rtsv7M4_T_le_v4SPD16_eabi.lib : copy_zero_init.obj (.text:decompress:ZI)
                  00000c2c    00000004                                   : pre_init.obj (.text)
                  00000c30    00000002                                   : startup.obj (.text)

.cinit     0    00000c38    00000040     
                  00000c38    00000015     (.cinit..data.load) [load image, compression = lzss]
                  00000c4d    00000003     --HOLE-- [fill = 0]
                  00000c50    0000000c     (__TI_handler_table)
                  00000c5c    00000004     --HOLE-- [fill = 0]
                  00000c60    00000008     (.cinit..bss.load) [load image, compression = zero_init]
                  00000c68    00000010     (__TI_cinit_table)

.init_array 
*          0    00000000    00000000     UNINITIALIZED

.data      0    20000000    0000001c     UNINITIALIZED
                  20000000    0000000c     rtsv7M4_T_le_v4SPD16_eabi.lib : exit.obj (.data:$O1$$)
                  2000000c    00000008                                   : _lock.obj (.data:$O1$$)
                  20000014    00000004                                   : stkdepth_vars.obj (.data)
                  20000018    00000004     system_msp432p401r.obj (.data)

.bss       0    2000001c    0000000b     UNINITIALIZED
                  2000001c    00000004     (.common:second)
                  20000020    00000002     (.common:year)
                  20000022    00000001     (.common:day)
                  20000023    00000001     (.common:day_of_week)
                  20000024    00000001     (.common:hour)
                  20000025    00000001     (.common:minute)
                  20000026    00000001     (.common:month)

.stack     0    2000fe00    00000200     UNINITIALIZED
                  2000fe00    00000200     --HOLE--

MODULE SUMMARY

       Module                        code   ro data   rw data
       ------                        ----   -------   -------
    .\
       system_msp432p401r.obj        820    0         8      
       GPIO.obj                      500    0         0      
       I2C.obj                       372    0         0      
       RTC.obj                       344    0         22     
       startup_msp432p401r_ccs.obj   14     228       0      
       main.obj                      28     0         0      
    +--+-----------------------------+------+---------+---------+
       Total:                        2078   228       30     
                                                             
    C:\Users\kwat1\Documents\ccsv7\tools\compiler\ti-cgt-arm_16.9.6.LTS\lib\rtsv7M4_T_le_v4SPD16_eabi.lib
       memcpy_t2.obj                 156    0         0      
       memset_t2.obj                 122    0         0      
       autoinit.obj                  112    0         0      
       exit.obj                      84     0         24     
       copy_decompress_lzss.obj      104    0         0      
       boot.obj                      84     0         0      
       cpy_tbl.obj                   76     0         0      
       _lock.obj                     20     0         16     
       args_main.obj                 24     0         0      
       copy_decompress_none.obj      14     0         0      
       copy_zero_init.obj            12     0         0      
       stkdepth_vars.obj             0      0         8      
       pre_init.obj                  4      0         0      
       mpu_init.obj                  2      0         0      
       startup.obj                   2      0         0      
    +--+-----------------------------+------+---------+---------+
       Total:                        816    0         48     
                                                             
       Stack:                        0      0         1024   
       Linker Generated:             0      57        0      
    +--+-----------------------------+------+---------+---------+
       Grand Total:                  2894   285       1102   


LINKER GENERATED COPY TABLES

__TI_cinit_table @ 00000c68 records: 2, size/record: 8, table size: 16
	.data: load addr=00000c38, load size=00000015 bytes, run addr=20000000, run size=0000001c bytes, compression=lzss
	.bss: load addr=00000c60, load size=00000008 bytes, run addr=2000001c, run size=0000000b bytes, compression=zero_init


LINKER GENERATED HANDLER TABLE

__TI_handler_table @ 00000c50 records: 3, size/record: 4, table size: 12
	index: 0, handler: __TI_decompress_lzss
	index: 1, handler: __TI_decompress_none
	index: 2, handler: __TI_zero_init


GLOBAL SYMBOLS: SORTED ALPHABETICALLY BY Name 

address   name                           
-------   ----                           
00000c1f  ADC14_IRQHandler               
00000c1f  AES256_IRQHandler              
00000c1f  BusFault_Handler               
00000b1d  C$$EXIT                        
00000c1f  COMP_E0_IRQHandler             
00000c1f  COMP_E1_IRQHandler             
00000c1f  CS_IRQHandler                  
00000c1f  DMA_ERR_IRQHandler             
00000c1f  DMA_INT0_IRQHandler            
00000c1f  DMA_INT1_IRQHandler            
00000c1f  DMA_INT2_IRQHandler            
00000c1f  DMA_INT3_IRQHandler            
0000054b  DRV2605_PORT_config            
00000c1f  DebugMon_Handler               
00000c1f  Default_Handler                
00000c1f  EUSCIA0_IRQHandler             
00000c1f  EUSCIA1_IRQHandler             
00000c1f  EUSCIA2_IRQHandler             
00000c1f  EUSCIA3_IRQHandler             
00000c1f  EUSCIB0_IRQHandler             
00000c1f  EUSCIB1_IRQHandler             
00000c1f  EUSCIB2_IRQHandler             
00000735  EUSCIB3_IRQHandler             
00000735  EUSCIB3_IRQHandler             
00000c1f  FLCTL_IRQHandler               
00000c1f  FPU_IRQHandler                 
00000c1f  HardFault_Handler              
00000517  I2C_B3_PORT_config             
00000639  I2C_B3_init                    
00000c1f  MemManage_Handler              
00000c1f  NMI_Handler                    
00000c1f  PCM_IRQHandler                 
00000c1f  PORT1_IRQHandler               
0000059b  PORT2_IRQHandler               
0000059b  PORT2_IRQHandler               
00000c1f  PORT3_IRQHandler               
00000c1f  PORT4_IRQHandler               
00000c1f  PORT5_IRQHandler               
00000575  PORT6_IRQHandler               
00000575  PORT6_IRQHandler               
00000c1f  PSS_IRQHandler                 
00000c1f  PendSV_Handler                 
00000809  RTC_C_IRQHandler               
00000809  RTC_C_IRQHandler               
000007ad  RTC_init                       
00000c13  Reset_Handler                  
UNDEFED   SHT$$INIT_ARRAY$$Base          
UNDEFED   SHT$$INIT_ARRAY$$Limit         
00000c1f  SVC_Handler                    
00000c1f  SysTick_Handler                
20000018  SystemCoreClock                
000000e5  SystemCoreClockUpdate          
0000035d  SystemInit                     
00000c1f  T32_INT1_IRQHandler            
00000c1f  T32_INT2_IRQHandler            
00000c1f  T32_INTC_IRQHandler            
00000c1f  TA0_0_IRQHandler               
00000c1f  TA0_N_IRQHandler               
00000c1f  TA1_0_IRQHandler               
00000c1f  TA1_N_IRQHandler               
00000c1f  TA2_0_IRQHandler               
00000c1f  TA2_N_IRQHandler               
00000c1f  TA3_0_IRQHandler               
00000c1f  TA3_N_IRQHandler               
00000c1f  UsageFault_Handler             
4000480c  WDTCTL_SYM                     
00000c1f  WDT_A_IRQHandler               
20010000  __STACK_END                    
00000200  __STACK_SIZE                   
00000c68  __TI_CINIT_Base                
00000c78  __TI_CINIT_Limit               
00000c50  __TI_Handler_Table_Base        
00000c5c  __TI_Handler_Table_Limit       
000009f1  __TI_auto_init                 
20000000  __TI_cleanup_ptr               
00000a61  __TI_decompress_lzss           
00000c05  __TI_decompress_none           
20000004  __TI_dtors_ptr                 
20000008  __TI_enable_exit_profile_output
ffffffff  __TI_pprof_out_hndl            
ffffffff  __TI_prof_data_size            
ffffffff  __TI_prof_data_start           
00000000  __TI_static_base__             
00000c21  __TI_zero_init                 
00000975  __aeabi_memclr                 
00000975  __aeabi_memclr4                
00000975  __aeabi_memclr8                
000008d9  __aeabi_memcpy                 
000008d9  __aeabi_memcpy4                
000008d9  __aeabi_memcpy8                
00000977  __aeabi_memset                 
00000977  __aeabi_memset4                
00000977  __aeabi_memset8                
ffffffff  __binit__                      
ffffffff  __c_args__                     
000009ef  __mpu_init                     
2000fe00  __stack                        
00000bd9  _args_main                     
00000ac9  _c_int00                       
2000000c  _lock                          
00000bff  _nop                           
00000bf7  _register_lock                 
00000bf1  _register_unlock               
00000c31  _system_post_cinit             
00000c2d  _system_pre_init               
20000010  _unlock                        
00000b21  abort                          
ffffffff  binit                          
00000445  button_init                    
00000b71  copy_in                        
20000022  day                            
20000023  day_of_week                    
00000b29  exit                           
000004ed  heartbeat_led_init             
20000024  hour                           
00000000  interruptVectors               
00000bbd  main                           
20000014  main_func_sp                   
000008d9  memcpy                         
0000097d  memset                         
20000025  minute                         
20000026  month                          
2000001c  second                         
000006d7  send_Data_TX                   
00000689  set_Mode                       
000006b7  start_Transmission             
0000071f  stop_Transmission              
20000020  year                           


GLOBAL SYMBOLS: SORTED BY Symbol Address 

address   name                           
-------   ----                           
00000000  __TI_static_base__             
00000000  interruptVectors               
000000e5  SystemCoreClockUpdate          
00000200  __STACK_SIZE                   
0000035d  SystemInit                     
00000445  button_init                    
000004ed  heartbeat_led_init             
00000517  I2C_B3_PORT_config             
0000054b  DRV2605_PORT_config            
00000575  PORT6_IRQHandler               
00000575  PORT6_IRQHandler               
0000059b  PORT2_IRQHandler               
0000059b  PORT2_IRQHandler               
00000639  I2C_B3_init                    
00000689  set_Mode                       
000006b7  start_Transmission             
000006d7  send_Data_TX                   
0000071f  stop_Transmission              
00000735  EUSCIB3_IRQHandler             
00000735  EUSCIB3_IRQHandler             
000007ad  RTC_init                       
00000809  RTC_C_IRQHandler               
00000809  RTC_C_IRQHandler               
000008d9  __aeabi_memcpy                 
000008d9  __aeabi_memcpy4                
000008d9  __aeabi_memcpy8                
000008d9  memcpy                         
00000975  __aeabi_memclr                 
00000975  __aeabi_memclr4                
00000975  __aeabi_memclr8                
00000977  __aeabi_memset                 
00000977  __aeabi_memset4                
00000977  __aeabi_memset8                
0000097d  memset                         
000009ef  __mpu_init                     
000009f1  __TI_auto_init                 
00000a61  __TI_decompress_lzss           
00000ac9  _c_int00                       
00000b1d  C$$EXIT                        
00000b21  abort                          
00000b29  exit                           
00000b71  copy_in                        
00000bbd  main                           
00000bd9  _args_main                     
00000bf1  _register_unlock               
00000bf7  _register_lock                 
00000bff  _nop                           
00000c05  __TI_decompress_none           
00000c13  Reset_Handler                  
00000c1f  ADC14_IRQHandler               
00000c1f  AES256_IRQHandler              
00000c1f  BusFault_Handler               
00000c1f  COMP_E0_IRQHandler             
00000c1f  COMP_E1_IRQHandler             
00000c1f  CS_IRQHandler                  
00000c1f  DMA_ERR_IRQHandler             
00000c1f  DMA_INT0_IRQHandler            
00000c1f  DMA_INT1_IRQHandler            
00000c1f  DMA_INT2_IRQHandler            
00000c1f  DMA_INT3_IRQHandler            
00000c1f  DebugMon_Handler               
00000c1f  Default_Handler                
00000c1f  EUSCIA0_IRQHandler             
00000c1f  EUSCIA1_IRQHandler             
00000c1f  EUSCIA2_IRQHandler             
00000c1f  EUSCIA3_IRQHandler             
00000c1f  EUSCIB0_IRQHandler             
00000c1f  EUSCIB1_IRQHandler             
00000c1f  EUSCIB2_IRQHandler             
00000c1f  FLCTL_IRQHandler               
00000c1f  FPU_IRQHandler                 
00000c1f  HardFault_Handler              
00000c1f  MemManage_Handler              
00000c1f  NMI_Handler                    
00000c1f  PCM_IRQHandler                 
00000c1f  PORT1_IRQHandler               
00000c1f  PORT3_IRQHandler               
00000c1f  PORT4_IRQHandler               
00000c1f  PORT5_IRQHandler               
00000c1f  PSS_IRQHandler                 
00000c1f  PendSV_Handler                 
00000c1f  SVC_Handler                    
00000c1f  SysTick_Handler                
00000c1f  T32_INT1_IRQHandler            
00000c1f  T32_INT2_IRQHandler            
00000c1f  T32_INTC_IRQHandler            
00000c1f  TA0_0_IRQHandler               
00000c1f  TA0_N_IRQHandler               
00000c1f  TA1_0_IRQHandler               
00000c1f  TA1_N_IRQHandler               
00000c1f  TA2_0_IRQHandler               
00000c1f  TA2_N_IRQHandler               
00000c1f  TA3_0_IRQHandler               
00000c1f  TA3_N_IRQHandler               
00000c1f  UsageFault_Handler             
00000c1f  WDT_A_IRQHandler               
00000c21  __TI_zero_init                 
00000c2d  _system_pre_init               
00000c31  _system_post_cinit             
00000c50  __TI_Handler_Table_Base        
00000c5c  __TI_Handler_Table_Limit       
00000c68  __TI_CINIT_Base                
00000c78  __TI_CINIT_Limit               
20000000  __TI_cleanup_ptr               
20000004  __TI_dtors_ptr                 
20000008  __TI_enable_exit_profile_output
2000000c  _lock                          
20000010  _unlock                        
20000014  main_func_sp                   
20000018  SystemCoreClock                
2000001c  second                         
20000020  year                           
20000022  day                            
20000023  day_of_week                    
20000024  hour                           
20000025  minute                         
20000026  month                          
2000fe00  __stack                        
20010000  __STACK_END                    
4000480c  WDTCTL_SYM                     
ffffffff  __TI_pprof_out_hndl            
ffffffff  __TI_prof_data_size            
ffffffff  __TI_prof_data_start           
ffffffff  __binit__                      
ffffffff  __c_args__                     
ffffffff  binit                          
UNDEFED   SHT$$INIT_ARRAY$$Base          
UNDEFED   SHT$$INIT_ARRAY$$Limit         

[128 symbols]
